exports[`LogViewer should render log entries 1`] = `
<div
  className="log-wrap">
  <LogHeaderContainer />
  <Infinite
    autoScroll={true}
    className="infinite-log"
    containerHeight={155}
    elementHeight={20}
    infiniteLoadBeginEdgeOffset={135}>
    <div
      className="log-entry log-info">
      <div
        className="time">
        13:41:36.0200
      </div>
      <div
        className="message">
        Info message
      </div>
    </div>
    <div
      className="log-entry log-error">
      <div
        className="time">
        14:41:36.0200
      </div>
      <div
        className="message">
        Error message
      </div>
    </div>
  </Infinite>
</div>
`;
